[0.000000] (-) TimerEvent: {}
[0.000308] (-) JobUnselected: {'identifier': 'my_robot_controller'}
[0.000354] (my_cashier_system) JobQueued: {'identifier': 'my_cashier_system', 'dependencies': OrderedDict()}
[0.000388] (my_cashier_system) JobStarted: {'identifier': 'my_cashier_system'}
[0.005789] (my_cashier_system) JobProgress: {'identifier': 'my_cashier_system', 'progress': 'cmake'}
[0.006653] (my_cashier_system) JobProgress: {'identifier': 'my_cashier_system', 'progress': 'build'}
[0.006726] (my_cashier_system) Command: {'cmd': ['/usr/bin/cmake', '--build', '/home/mahek/ros2_ws/build/my_cashier_system', '--', '-j12', '-l12'], 'cwd': '/home/mahek/ros2_ws/build/my_cashier_system', 'env': OrderedDict([('LESSOPEN', '| /usr/bin/lesspipe %s'), ('LANGUAGE', 'en_IN:en'), ('USER', 'mahek'), ('XDG_SESSION_TYPE', 'wayland'), ('SHLVL', '1'), ('LD_LIBRARY_PATH', '/opt/ros/humble/opt/rviz_ogre_vendor/lib:/opt/ros/humble/lib/x86_64-linux-gnu:/opt/ros/humble/lib'), ('HOME', '/home/mahek'), ('OLDPWD', '/home/mahek/ros2_ws/src'), ('DESKTOP_SESSION', 'ubuntu'), ('ROS_PYTHON_VERSION', '3'), ('GNOME_SHELL_SESSION_MODE', 'ubuntu'), ('GTK_MODULES', 'gail:atk-bridge'), ('SYSTEMD_EXEC_PID', '1576'), ('DBUS_SESSION_BUS_ADDRESS', 'unix:path=/run/user/1000/bus'), ('COLORTERM', 'truecolor'), ('IM_CONFIG_PHASE', '1'), ('WAYLAND_DISPLAY', 'wayland-0'), ('COLCON_PREFIX_PATH', '/home/mahek/ros2_ws/install'), ('ROS_DISTRO', 'humble'), ('LOGNAME', 'mahek'), ('_', '/usr/bin/colcon'), ('ROS_VERSION', '2'), ('XDG_SESSION_CLASS', 'user'), ('USERNAME', 'mahek'), ('TERM', 'xterm-256color'), ('GNOME_DESKTOP_SESSION_ID', 'this-is-deprecated'), ('ROS_LOCALHOST_ONLY', '1'), ('PATH', '/opt/ros/humble/bin:/usr/local/sbin:/usr/local/bin:/usr/sbin:/usr/bin:/sbin:/bin:/usr/games:/usr/local/games:/snap/bin:/snap/bin'), ('SESSION_MANAGER', 'local/mahek-Inspiron-14-5430:@/tmp/.ICE-unix/1548,unix/mahek-Inspiron-14-5430:/tmp/.ICE-unix/1548'), ('XDG_MENU_PREFIX', 'gnome-'), ('GNOME_TERMINAL_SCREEN', '/org/gnome/Terminal/screen/3c9264ab_5bf1_4c91_b444_93b2d7978181'), ('GNOME_SETUP_DISPLAY', ':1'), ('XDG_RUNTIME_DIR', '/run/user/1000'), ('DISPLAY', ':0'), ('LANG', 'en_US.UTF-8'), ('XDG_CURRENT_DESKTOP', 'ubuntu:GNOME'), ('XMODIFIERS', '@im=ibus'), ('XDG_SESSION_DESKTOP', 'ubuntu'), ('XAUTHORITY', '/run/user/1000/.mutter-Xwaylandauth.MLM9X2'), ('LS_COLORS', 'rs=0:di=01;34:ln=01;36:mh=00:pi=40;33:so=01;35:do=01;35:bd=40;33;01:cd=40;33;01:or=40;31;01:mi=00:su=37;41:sg=30;43:ca=30;41:tw=30;42:ow=34;42:st=37;44:ex=01;32:*.tar=01;31:*.tgz=01;31:*.arc=01;31:*.arj=01;31:*.taz=01;31:*.lha=01;31:*.lz4=01;31:*.lzh=01;31:*.lzma=01;31:*.tlz=01;31:*.txz=01;31:*.tzo=01;31:*.t7z=01;31:*.zip=01;31:*.z=01;31:*.dz=01;31:*.gz=01;31:*.lrz=01;31:*.lz=01;31:*.lzo=01;31:*.xz=01;31:*.zst=01;31:*.tzst=01;31:*.bz2=01;31:*.bz=01;31:*.tbz=01;31:*.tbz2=01;31:*.tz=01;31:*.deb=01;31:*.rpm=01;31:*.jar=01;31:*.war=01;31:*.ear=01;31:*.sar=01;31:*.rar=01;31:*.alz=01;31:*.ace=01;31:*.zoo=01;31:*.cpio=01;31:*.7z=01;31:*.rz=01;31:*.cab=01;31:*.wim=01;31:*.swm=01;31:*.dwm=01;31:*.esd=01;31:*.jpg=01;35:*.jpeg=01;35:*.mjpg=01;35:*.mjpeg=01;35:*.gif=01;35:*.bmp=01;35:*.pbm=01;35:*.pgm=01;35:*.ppm=01;35:*.tga=01;35:*.xbm=01;35:*.xpm=01;35:*.tif=01;35:*.tiff=01;35:*.png=01;35:*.svg=01;35:*.svgz=01;35:*.mng=01;35:*.pcx=01;35:*.mov=01;35:*.mpg=01;35:*.mpeg=01;35:*.m2v=01;35:*.mkv=01;35:*.webm=01;35:*.webp=01;35:*.ogm=01;35:*.mp4=01;35:*.m4v=01;35:*.mp4v=01;35:*.vob=01;35:*.qt=01;35:*.nuv=01;35:*.wmv=01;35:*.asf=01;35:*.rm=01;35:*.rmvb=01;35:*.flc=01;35:*.avi=01;35:*.fli=01;35:*.flv=01;35:*.gl=01;35:*.dl=01;35:*.xcf=01;35:*.xwd=01;35:*.yuv=01;35:*.cgm=01;35:*.emf=01;35:*.ogv=01;35:*.ogx=01;35:*.aac=00;36:*.au=00;36:*.flac=00;36:*.m4a=00;36:*.mid=00;36:*.midi=00;36:*.mka=00;36:*.mp3=00;36:*.mpc=00;36:*.ogg=00;36:*.ra=00;36:*.wav=00;36:*.oga=00;36:*.opus=00;36:*.spx=00;36:*.xspf=00;36:'), ('GNOME_TERMINAL_SERVICE', ':1.248'), ('SSH_AGENT_LAUNCHER', 'gnome-keyring'), ('SSH_AUTH_SOCK', '/run/user/1000/keyring/ssh'), ('AMENT_PREFIX_PATH', '/home/mahek/ros2_ws/install/my_robot_controller:/home/mahek/ros2_ws/install/my_package:/home/mahek/ros2_ws/install/my_cashier_system:/home/mahek/ros2_ws/install/cpp_pubsub:/home/mahek/ros2_ws/install/cpp:/opt/ros/humble'), ('SHELL', '/bin/bash'), ('QT_ACCESSIBILITY', '1'), ('GDMSESSION', 'ubuntu'), ('LESSCLOSE', '/usr/bin/lesspipe %s %s'), ('QT_IM_MODULE', 'ibus'), ('PWD', '/home/mahek/ros2_ws/build/my_cashier_system'), ('LC_ALL', 'en_US.UTF-8'), ('XDG_CONFIG_DIRS', '/etc/xdg/xdg-ubuntu:/etc/xdg'), ('XDG_DATA_DIRS', '/usr/share/ubuntu:/usr/local/share/:/usr/share/:/var/lib/snapd/desktop'), ('PYTHONPATH', '/home/mahek/ros2_ws/install/my_robot_controller/lib/python3.10/site-packages:/opt/ros/humble/lib/python3.10/site-packages:/opt/ros/humble/local/lib/python3.10/dist-packages'), ('COLCON', '1'), ('VTE_VERSION', '6800'), ('CMAKE_PREFIX_PATH', '/home/mahek/ros2_ws/install/my_package:/home/mahek/ros2_ws/install/my_cashier_system:/home/mahek/ros2_ws/install/cpp_pubsub:/home/mahek/ros2_ws/install/cpp')]), 'shell': False}
[0.028467] (my_cashier_system) StdoutLine: {'line': b'-- Found ament_cmake: 1.3.10 (/opt/ros/humble/share/ament_cmake/cmake)\n'}
[0.099612] (-) TimerEvent: {}
[0.128478] (my_cashier_system) StdoutLine: {'line': b'-- Found rclcpp: 16.0.10 (/opt/ros/humble/share/rclcpp/cmake)\n'}
[0.147203] (my_cashier_system) StdoutLine: {'line': b'-- Found rosidl_generator_c: 3.1.5 (/opt/ros/humble/share/rosidl_generator_c/cmake)\n'}
[0.148696] (my_cashier_system) StdoutLine: {'line': b'-- Found rosidl_adapter: 3.1.5 (/opt/ros/humble/share/rosidl_adapter/cmake)\n'}
[0.152482] (my_cashier_system) StdoutLine: {'line': b'-- Found rosidl_generator_cpp: 3.1.5 (/opt/ros/humble/share/rosidl_generator_cpp/cmake)\n'}
[0.158803] (my_cashier_system) StdoutLine: {'line': b'-- Using all available rosidl_typesupport_c: rosidl_typesupport_fastrtps_c;rosidl_typesupport_introspection_c\n'}
[0.166690] (my_cashier_system) StdoutLine: {'line': b'-- Using all available rosidl_typesupport_cpp: rosidl_typesupport_fastrtps_cpp;rosidl_typesupport_introspection_cpp\n'}
[0.187672] (my_cashier_system) StdoutLine: {'line': b'-- Found rmw_implementation_cmake: 6.1.2 (/opt/ros/humble/share/rmw_implementation_cmake/cmake)\n'}
[0.188534] (my_cashier_system) StdoutLine: {'line': b'-- Found rmw_fastrtps_cpp: 6.2.7 (/opt/ros/humble/share/rmw_fastrtps_cpp/cmake)\n'}
[0.199829] (-) TimerEvent: {}
[0.263750] (my_cashier_system) StdoutLine: {'line': b"-- Using RMW implementation 'rmw_fastrtps_cpp' as default\n"}
[0.295013] (my_cashier_system) StdoutLine: {'line': b'-- Found rosidl_default_generators: 1.2.0 (/opt/ros/humble/share/rosidl_default_generators/cmake)\n'}
[0.300052] (-) TimerEvent: {}
[0.400329] (-) TimerEvent: {}
[0.428395] (my_cashier_system) StderrLine: {'line': b"Error parsing '/home/mahek/ros2_ws/src/my_cashier_system/package.xml':\n"}
[0.458938] (my_cashier_system) StderrLine: {'line': b'Traceback (most recent call last):\n'}
[0.459184] (my_cashier_system) StderrLine: {'line': b'  File "/usr/lib/python3/dist-packages/catkin_pkg/package.py", line 610, in parse_package_string\n'}
[0.460008] (my_cashier_system) StderrLine: {'line': b'    root = dom.parseString(data)\n'}
[0.460193] (my_cashier_system) StderrLine: {'line': b'  File "/usr/lib/python3.10/xml/dom/minidom.py", line 2000, in parseString\n'}
[0.460399] (my_cashier_system) StderrLine: {'line': b'    return expatbuilder.parseString(string)\n'}
[0.460527] (my_cashier_system) StderrLine: {'line': b'  File "/usr/lib/python3.10/xml/dom/expatbuilder.py", line 925, in parseString\n'}
[0.460809] (my_cashier_system) StderrLine: {'line': b'    return builder.parseString(string)\n'}
[0.460936] (my_cashier_system) StderrLine: {'line': b'  File "/usr/lib/python3.10/xml/dom/expatbuilder.py", line 223, in parseString\n'}
[0.461051] (my_cashier_system) StderrLine: {'line': b'    parser.Parse(string, True)\n'}
[0.461144] (my_cashier_system) StderrLine: {'line': b'xml.parsers.expat.ExpatError: mismatched tag: line 16, column 28\n'}
[0.461233] (my_cashier_system) StderrLine: {'line': b'\n'}
[0.461321] (my_cashier_system) StderrLine: {'line': b'During handling of the above exception, another exception occurred:\n'}
[0.461427] (my_cashier_system) StderrLine: {'line': b'\n'}
[0.461515] (my_cashier_system) StderrLine: {'line': b'Traceback (most recent call last):\n'}
[0.461606] (my_cashier_system) StderrLine: {'line': b'  File "/opt/ros/humble/share/ament_cmake_core/cmake/core/package_xml_2_cmake.py", line 150, in <module>\n'}
[0.461698] (my_cashier_system) StderrLine: {'line': b'    main()\n'}
[0.461785] (my_cashier_system) StderrLine: {'line': b'  File "/opt/ros/humble/share/ament_cmake_core/cmake/core/package_xml_2_cmake.py", line 53, in main\n'}
[0.461872] (my_cashier_system) StderrLine: {'line': b'    raise e\n'}
[0.461958] (my_cashier_system) StderrLine: {'line': b'  File "/opt/ros/humble/share/ament_cmake_core/cmake/core/package_xml_2_cmake.py", line 49, in main\n'}
[0.462057] (my_cashier_system) StderrLine: {'line': b'    package = parse_package_string(\n'}
[0.462141] (my_cashier_system) StderrLine: {'line': b'  File "/usr/lib/python3/dist-packages/catkin_pkg/package.py", line 612, in parse_package_string\n'}
[0.462226] (my_cashier_system) StderrLine: {'line': b"    raise InvalidPackage('The manifest contains invalid XML:\\n%s' % ex, filename)\n"}
[0.462309] (my_cashier_system) StderrLine: {'line': b"catkin_pkg.package.InvalidPackage: Error(s) in package '/home/mahek/ros2_ws/src/my_cashier_system/package.xml':\n"}
[0.462394] (my_cashier_system) StderrLine: {'line': b'The manifest contains invalid XML:\n'}
[0.462478] (my_cashier_system) StderrLine: {'line': b'mismatched tag: line 16, column 28\n'}
[0.471409] (my_cashier_system) StderrLine: {'line': b'\x1b[31mCMake Error at /opt/ros/humble/share/ament_cmake_core/cmake/core/ament_package_xml.cmake:95 (message):\n'}
[0.471606] (my_cashier_system) StderrLine: {'line': b'  execute_process(/usr/bin/python3\n'}
[0.471698] (my_cashier_system) StderrLine: {'line': b'  /opt/ros/humble/share/ament_cmake_core/cmake/core/package_xml_2_cmake.py\n'}
[0.471783] (my_cashier_system) StderrLine: {'line': b'  /home/mahek/ros2_ws/src/my_cashier_system/package.xml\n'}
[0.471865] (my_cashier_system) StderrLine: {'line': b'  /home/mahek/ros2_ws/build/my_cashier_system/ament_cmake_core/package.cmake)\n'}
[0.471946] (my_cashier_system) StderrLine: {'line': b'  returned error code 1\n'}
[0.472271] (my_cashier_system) StderrLine: {'line': b'Call Stack (most recent call first):\n'}
[0.472328] (my_cashier_system) StderrLine: {'line': b'  /opt/ros/humble/share/ament_cmake_core/cmake/core/ament_package_xml.cmake:49 (_ament_package_xml)\n'}
[0.472358] (my_cashier_system) StderrLine: {'line': b'  /opt/ros/humble/share/rosidl_cmake/cmake/rosidl_generate_interfaces.cmake:226 (ament_package_xml)\n'}
[0.472385] (my_cashier_system) StderrLine: {'line': b'  CMakeLists.txt:14 (rosidl_generate_interfaces)\n'}
[0.472412] (my_cashier_system) StderrLine: {'line': b'\n'}
[0.472438] (my_cashier_system) StderrLine: {'line': b'\x1b[0m\n'}
[0.472463] (my_cashier_system) StdoutLine: {'line': b'-- Configuring incomplete, errors occurred!\n'}
[0.472497] (my_cashier_system) StdoutLine: {'line': b'See also "/home/mahek/ros2_ws/build/my_cashier_system/CMakeFiles/CMakeOutput.log".\n'}
[0.477204] (my_cashier_system) StderrLine: {'line': b'gmake: *** [Makefile:226: cmake_check_build_system] Error 1\n'}
[0.478793] (my_cashier_system) CommandEnded: {'returncode': 2}
[0.479032] (my_cashier_system) JobEnded: {'identifier': 'my_cashier_system', 'rc': 2}
[0.489145] (-) EventReactorShutdown: {}
