[0.008s] Invoking command in '/home/mahek/ros2_ws/build/my_cashier_system': /usr/bin/cmake --build /home/mahek/ros2_ws/build/my_cashier_system -- -j12 -l12
[0.028s] -- Found ament_cmake: 1.3.10 (/opt/ros/humble/share/ament_cmake/cmake)
[0.128s] -- Found rclcpp: 16.0.10 (/opt/ros/humble/share/rclcpp/cmake)
[0.147s] -- Found rosidl_generator_c: 3.1.5 (/opt/ros/humble/share/rosidl_generator_c/cmake)
[0.148s] -- Found rosidl_adapter: 3.1.5 (/opt/ros/humble/share/rosidl_adapter/cmake)
[0.152s] -- Found rosidl_generator_cpp: 3.1.5 (/opt/ros/humble/share/rosidl_generator_cpp/cmake)
[0.159s] -- Using all available rosidl_typesupport_c: rosidl_typesupport_fastrtps_c;rosidl_typesupport_introspection_c
[0.166s] -- Using all available rosidl_typesupport_cpp: rosidl_typesupport_fastrtps_cpp;rosidl_typesupport_introspection_cpp
[0.187s] -- Found rmw_implementation_cmake: 6.1.2 (/opt/ros/humble/share/rmw_implementation_cmake/cmake)
[0.188s] -- Found rmw_fastrtps_cpp: 6.2.7 (/opt/ros/humble/share/rmw_fastrtps_cpp/cmake)
[0.264s] -- Using RMW implementation 'rmw_fastrtps_cpp' as default
[0.295s] -- Found rosidl_default_generators: 1.2.0 (/opt/ros/humble/share/rosidl_default_generators/cmake)
[0.428s] Error parsing '/home/mahek/ros2_ws/src/my_cashier_system/package.xml':
[0.459s] Traceback (most recent call last):
[0.459s]   File "/usr/lib/python3/dist-packages/catkin_pkg/package.py", line 610, in parse_package_string
[0.460s]     root = dom.parseString(data)
[0.460s]   File "/usr/lib/python3.10/xml/dom/minidom.py", line 2000, in parseString
[0.460s]     return expatbuilder.parseString(string)
[0.460s]   File "/usr/lib/python3.10/xml/dom/expatbuilder.py", line 925, in parseString
[0.461s]     return builder.parseString(string)
[0.461s]   File "/usr/lib/python3.10/xml/dom/expatbuilder.py", line 223, in parseString
[0.461s]     parser.Parse(string, True)
[0.461s] xml.parsers.expat.ExpatError: mismatched tag: line 16, column 28
[0.461s] 
[0.461s] During handling of the above exception, another exception occurred:
[0.461s] 
[0.461s] Traceback (most recent call last):
[0.461s]   File "/opt/ros/humble/share/ament_cmake_core/cmake/core/package_xml_2_cmake.py", line 150, in <module>
[0.461s]     main()
[0.461s]   File "/opt/ros/humble/share/ament_cmake_core/cmake/core/package_xml_2_cmake.py", line 53, in main
[0.462s]     raise e
[0.462s]   File "/opt/ros/humble/share/ament_cmake_core/cmake/core/package_xml_2_cmake.py", line 49, in main
[0.462s]     package = parse_package_string(
[0.462s]   File "/usr/lib/python3/dist-packages/catkin_pkg/package.py", line 612, in parse_package_string
[0.462s]     raise InvalidPackage('The manifest contains invalid XML:\n%s' % ex, filename)
[0.462s] catkin_pkg.package.InvalidPackage: Error(s) in package '/home/mahek/ros2_ws/src/my_cashier_system/package.xml':
[0.462s] The manifest contains invalid XML:
[0.462s] mismatched tag: line 16, column 28
[0.471s] [31mCMake Error at /opt/ros/humble/share/ament_cmake_core/cmake/core/ament_package_xml.cmake:95 (message):
[0.471s]   execute_process(/usr/bin/python3
[0.471s]   /opt/ros/humble/share/ament_cmake_core/cmake/core/package_xml_2_cmake.py
[0.471s]   /home/mahek/ros2_ws/src/my_cashier_system/package.xml
[0.472s]   /home/mahek/ros2_ws/build/my_cashier_system/ament_cmake_core/package.cmake)
[0.472s]   returned error code 1
[0.472s] Call Stack (most recent call first):
[0.472s]   /opt/ros/humble/share/ament_cmake_core/cmake/core/ament_package_xml.cmake:49 (_ament_package_xml)
[0.472s]   /opt/ros/humble/share/rosidl_cmake/cmake/rosidl_generate_interfaces.cmake:226 (ament_package_xml)
[0.472s]   CMakeLists.txt:14 (rosidl_generate_interfaces)
[0.472s] 
[0.472s] [0m
[0.472s] -- Configuring incomplete, errors occurred!
[0.472s] See also "/home/mahek/ros2_ws/build/my_cashier_system/CMakeFiles/CMakeOutput.log".
[0.477s] gmake: *** [Makefile:226: cmake_check_build_system] Error 1
[0.479s] Invoked command in '/home/mahek/ros2_ws/build/my_cashier_system' returned '2': /usr/bin/cmake --build /home/mahek/ros2_ws/build/my_cashier_system -- -j12 -l12
